// Jest Snapshot v1, https://goo.gl/fbAQLP

exports[`renders correctly 1`] = `
<div>
  <section
    className="container active"
    href="/"
    onClick={[Function]}
    style={Object {}}
  >
    <button
      data-hover="Go to Home"
    >
      <div>
        404 Page Not Found
      </div>
    </button>
  </section>
</div>
`;
